******************************************************************************
                  TI ARM Linker PC v20.2.4                     
******************************************************************************
>> Linked Mon Nov 29 11:21:22 2021

OUTPUT FILE NAME:   <final.out>
ENTRY POINT SYMBOL: "_c_int00_noargs"  address: 00002581


MEMORY CONFIGURATION

         name            origin    length      used     unused   attr    fill
----------------------  --------  ---------  --------  --------  ----  --------
  FLASH                 00000000   00040000  000029d2  0003d62e  R  X
  SRAM                  20000000   00008000  00000379  00007c87  RW X


SEGMENT ALLOCATION MAP

run origin  load origin   length   init length attrs members
----------  ----------- ---------- ----------- ----- -------
00000000    00000000    000029d8   000029d8    r-x
  00000000    00000000    0000026c   0000026c    r-- .intvecs
  0000026c    0000026c    00002526   00002526    r-x .text
  00002798    00002798    000001f0   000001f0    r-- .const
  00002988    00002988    00000050   00000050    r-- .cinit
20000000    20000000    0000037c   00000000    rw-
  20000000    20000000    00000200   00000000    rw- .stack
  20000200    20000200    00000131   00000000    rw- .bss
  20000334    20000334    00000048   00000000    rw- .data


SECTION ALLOCATION MAP

 output                                  attributes/
section   page    origin      length       input sections
--------  ----  ----------  ----------   ----------------
.intvecs   0    00000000    0000026c     
                  00000000    0000026c     tm4c123gh6pm_startup_ccs.obj (.intvecs)

.text      0    0000026c    00002526     
                  0000026c    00000504     main.obj (.text)
                  00000770    000002ec     rtsv7M4_T_le_v4SPD16_eabi.lib : s_atan.c.obj (.text:atan)
                  00000a5c    00000234                                   : e_fmod.c.obj (.text:fmod)
                  00000c90    000001d8                                   : e_atan2.c.obj (.text:atan2)
                  00000e68    000001b6                                   : fd_add_t2.asm.obj (.text)
                  0000101e    00000002     --HOLE-- [fill = 0]
                  00001020    000001a0     pid.obj (.text)
                  000011c0    0000016c     driverlib.lib : gpio.obj (.text:GPIOPadConfigSet)
                  0000132c    00000158     rtsv7M4_T_le_v4SPD16_eabi.lib : e_sqrt.c.obj (.text:sqrt)
                  00001484    00000136                                   : fd_div_t2.asm.obj (.text)
                  000015ba    00000002     --HOLE-- [fill = 0]
                  000015bc    00000118     driverlib.lib : sysctl.obj (.text:SysCtlClockGet)
                  000016d4    000000fc     rtsv7M4_T_le_v4SPD16_eabi.lib : fd_mul_t2.asm.obj (.text)
                  000017d0    000000f4     driverlib.lib : sysctl.obj (.text:SysCtlClockSet)
                  000018c4    000000f2     sensorlib.lib : i2cm_drv.obj (.text:I2CMIntHandler)
                  000019b6    00000002     --HOLE-- [fill = 0]
                  000019b8    000000f0                   : mpu6050.obj (.text:MPU6050Callback)
                  00001aa8    0000009c     rtsv7M4_T_le_v4SPD16_eabi.lib : memcpy_t2.asm.obj (.text)
                  00001b44    0000009a     sensorlib.lib : i2cm_drv.obj (.text:I2CMStateIdle)
                  00001bde    00000088                   : i2cm_drv.obj (.text:I2CMCommand)
                  00001c66    00000086     rtsv7M4_T_le_v4SPD16_eabi.lib : fd_cmp_t2.asm.obj (.text:__aeabi_cdrcmple)
                  00001cec    00000078     sensorlib.lib : i2cm_drv.obj (.text:I2CMReadModifyWrite8)
                  00001d64    00000070                   : mpu6050.obj (.text:MPU6050DataAccelGetFloat)
                  00001dd4    00000070                   : mpu6050.obj (.text:MPU6050DataGyroGetFloat)
                  00001e44    0000006e     rtsv7M4_T_le_v4SPD16_eabi.lib : fd_tos_t2.asm.obj (.text)
                  00001eb2    00000002     --HOLE-- [fill = 0]
                  00001eb4    00000068     driverlib.lib : interrupt.obj (.text:IntDisable)
                  00001f1c    00000068                   : interrupt.obj (.text:IntEnable)
                  00001f84    00000068     rtsv7M4_T_le_v4SPD16_eabi.lib : copy_decompress_lzss.c.obj (.text:decompress:lzss:__TI_decompress_lzss)
                  00001fec    00000064     driverlib.lib : interrupt.obj (.text:IntIsEnabled)
                  00002050    00000060     sensorlib.lib : i2cm_drv.obj (.text:I2CMReadModifyWrite8Callback)
                  000020b0    0000005e                   : i2cm_drv.obj (.text:I2CMStateWritePause)
                  0000210e    00000002     --HOLE-- [fill = 0]
                  00002110    0000005c                   : mpu6050.obj (.text:MPU6050Init)
                  0000216c    00000054                   : mpu6050.obj (.text:MPU6050DataRead)
                  000021c0    00000050                   : i2cm_drv.obj (.text:I2CMStateWriteFinal)
                  00002210    00000050     driverlib.lib : sysctl.obj (.text:SysCtlPeripheralReset)
                  00002260    0000004c                   : gpio.obj (.text:GPIOPinConfigure)
                  000022ac    0000004c                   : i2c.obj (.text:I2CMasterInitExpClk)
                  000022f8    0000004c     sensorlib.lib : mpu6050.obj (.text:MPU6050ReadModifyWrite)
                  00002344    0000004a                   : i2cm_drv.obj (.text:I2CMStateReadNext)
                  0000238e    00000048                   : i2cm_drv.obj (.text:I2CMStateWriteNext)
                  000023d6    00000044                   : i2cm_drv.obj (.text:I2CMStateCallback)
                  0000241a    00000002     --HOLE-- [fill = 0]
                  0000241c    00000044     rtsv7M4_T_le_v4SPD16_eabi.lib : autoinit.c.obj (.text:__TI_auto_init_nobinit_nopinit:__TI_auto_init_nobinit_nopinit)
                  00002460    00000042     sensorlib.lib : i2cm_drv.obj (.text:I2CMStateReadFinal)
                  000024a2    0000003e                   : i2cm_drv.obj (.text:I2CMStateReadPause)
                  000024e0    00000038     rtsv7M4_T_le_v4SPD16_eabi.lib : fs_tod_t2.asm.obj (.text)
                  00002518    00000034     sensorlib.lib : i2cm_drv.obj (.text:I2CMInit)
                  0000254c    00000034     driverlib.lib : sysctl.obj (.text:SysCtlPeripheralEnable)
                  00002580    00000034     rtsv7M4_T_le_v4SPD16_eabi.lib : boot_cortex_m.c.obj (.text:_c_int00_noargs:_c_int00_noargs)
                  000025b4    0000002c     driverlib.lib : gpio.obj (.text:GPIODirModeSet)
                  000025e0    0000002a     sensorlib.lib : i2cm_drv.obj (.text:I2CMStateReadFirst)
                  0000260a    00000022     driverlib.lib : pwm.obj (.text:PWMGenConfigure)
                  0000262c    00000020     sensorlib.lib : i2cm_drv.obj (.text:I2CMStateReadOne)
                  0000264c    0000001e     driverlib.lib : pwm.obj (.text:PWMPulseWidthSet)
                  0000266a    0000001c     rtsv7M4_T_le_v4SPD16_eabi.lib : copy_zero_init.c.obj (.text:decompress:ZI:__TI_zero_init_nomemset:__TI_zero_init_nomemset)
                  00002686    0000001a     sensorlib.lib : i2cm_drv.obj (.text:I2CMStateReadWait)
                  000026a0    00000016     driverlib.lib : gpio.obj (.text:GPIOPinTypeI2C)
                  000026b6    00000016                   : gpio.obj (.text:GPIOPinTypeI2CSCL)
                  000026cc    00000016                   : gpio.obj (.text:GPIOPinTypePWM)
                  000026e2    00000002     --HOLE-- [fill = 0]
                  000026e4    00000014                   : sysctl.obj (.text:SysCtlPWMClockSet)
                  000026f8    00000012                   : pwm.obj (.text:PWMOutputState)
                  0000270a    00000010                   : pwm.obj (.text:PWMGenPeriodSet)
                  0000271a    0000000e     rtsv7M4_T_le_v4SPD16_eabi.lib : copy_decompress_none.c.obj (.text:decompress:none:__TI_decompress_none)
                  00002728    0000000c     driverlib.lib : interrupt.obj (.text:IntTrigger)
                  00002734    0000000c                   : pwm.obj (.text:PWMGenEnable)
                  00002740    0000000c     tm4c123gh6pm_startup_ccs.obj (.text)
                  0000274c    0000000a     driverlib.lib : i2c.obj (.text:I2CMasterEnable)
                  00002756    00000008                   : i2c.obj (.text:I2CMasterIntClear)
                  0000275e    00000008                   : i2c.obj (.text:I2CMasterIntEnableEx)
                  00002766    00000008                   : i2c.obj (.text:I2CMasterSlaveAddrSet)
                  0000276e    00000002     --HOLE-- [fill = 0]
                  00002770    00000008     rtsv7M4_T_le_v4SPD16_eabi.lib : errno.c.obj (.text:__aeabi_errno_addr)
                  00002778    00000006     driverlib.lib : sysctl.obj (.text:SysCtlDelay)
                  0000277e    00000004                   : i2c.obj (.text:I2CMasterControl)
                  00002782    00000004                   : i2c.obj (.text:I2CMasterDataGet)
                  00002786    00000004                   : i2c.obj (.text:I2CMasterDataPut)
                  0000278a    00000004     rtsv7M4_T_le_v4SPD16_eabi.lib : pre_init.c.obj (.text:_system_pre_init)
                  0000278e    00000004                                   : exit.c.obj (.text:abort:abort)

.const     0    00002798    000001f0     
                  00002798    00000098     rtsv7M4_T_le_v4SPD16_eabi.lib : s_atan.c.obj (.const:$O1$$)
                  00002830    00000090     driverlib.lib : gpio.obj (.const:g_pui32GPIOBaseAddrs)
                  000028c0    0000006c                   : sysctl.obj (.const:g_pui32Xtals)
                  0000292c    00000014                   : interrupt.obj (.const:g_pui32Dii16Regs)
                  00002940    00000014                   : interrupt.obj (.const:g_pui32EnRegs)
                  00002954    00000004     --HOLE-- [fill = 0]
                  00002958    00000010     rtsv7M4_T_le_v4SPD16_eabi.lib : e_fmod.c.obj (.const:Zero)
                  00002968    00000010     sensorlib.lib : mpu6050.obj (.const:g_fMPU6050AccelFactors)
                  00002978    00000010                   : mpu6050.obj (.const:g_fMPU6050GyroFactors)

.cinit     0    00002988    00000050     
                  00002988    0000002c     (.cinit..data.load) [load image, compression = lzss]
                  000029b4    0000000c     (__TI_handler_table)
                  000029c0    00000008     (.cinit..bss.load) [load image, compression = zero_init]
                  000029c8    00000010     (__TI_cinit_table)

.init_array 
*          0    00000000    00000000     UNINITIALIZED

.bss       0    20000200    00000131     UNINITIALIZED
                  20000200    00000124     (.common:g_sI2CMSimpleInst)
                  20000324    00000004     (.common:adjust)
                  20000328    00000004     (.common:ui32Load)
                  2000032c    00000004     (.common:ui32PWMClock)
                  20000330    00000001     (.common:g_bMPU6050Done)

.data      0    20000334    00000048     UNINITIALIZED
                  20000334    00000038     main.obj (.data:pid)
                  2000036c    0000000c     main.obj (.data)
                  20000378    00000004     rtsv7M4_T_le_v4SPD16_eabi.lib : errno.c.obj (.data)

.stack     0    20000000    00000200     UNINITIALIZED
                  20000000    00000004     rtsv7M4_T_le_v4SPD16_eabi.lib : boot_cortex_m.c.obj (.stack)
                  20000004    000001fc     --HOLE--

__llvm_prf_cnts 
*          0    20000000    00000000     UNINITIALIZED

MODULE SUMMARY

       Module                         code   ro data   rw data
       ------                         ----   -------   -------
    .\
       main.obj                       1284   0         373    
       tm4c123gh6pm_startup_ccs.obj   12     620       0      
       pid.obj                        416    0         0      
    +--+------------------------------+------+---------+---------+
       Total:                         1712   620       373    
                                                              
    D:/ti/TivaWare_C_Series-2.2.0.295/driverlib/ccs/Debug/driverlib.lib
       sysctl.obj                     682    108       0      
       gpio.obj                       550    144       0      
       interrupt.obj                  320    40        0      
       i2c.obj                        122    0         0      
       pwm.obj                        110    0         0      
    +--+------------------------------+------+---------+---------+
       Total:                         1784   292       0      
                                                              
    D:/ti/TivaWare_C_Series-2.2.0.295/sensorlib/ccs/Debug/sensorlib.lib
       i2cm_drv.obj                   1416   0         0      
       mpu6050.obj                    716    32        0      
    +--+------------------------------+------+---------+---------+
       Total:                         2132   32        0      
                                                              
    D:\ti\ccs1031\ccs\tools\compiler\ti-cgt-arm_20.2.4.LTS\lib\rtsv7M4_T_le_v4SPD16_eabi.lib
       s_atan.c.obj                   748    152       0      
       e_fmod.c.obj                   564    16        0      
       e_atan2.c.obj                  472    0         0      
       fd_add_t2.asm.obj              438    0         0      
       e_sqrt.c.obj                   344    0         0      
       fd_div_t2.asm.obj              310    0         0      
       fd_mul_t2.asm.obj              252    0         0      
       memcpy_t2.asm.obj              156    0         0      
       fd_cmp_t2.asm.obj              134    0         0      
       fd_tos_t2.asm.obj              110    0         0      
       copy_decompress_lzss.c.obj     104    0         0      
       autoinit.c.obj                 68     0         0      
       fs_tod_t2.asm.obj              56     0         0      
       boot_cortex_m.c.obj            52     0         0      
       copy_zero_init.c.obj           28     0         0      
       copy_decompress_none.c.obj     14     0         0      
       errno.c.obj                    8      0         4      
       exit.c.obj                     4      0         0      
       pre_init.c.obj                 4      0         0      
    +--+------------------------------+------+---------+---------+
       Total:                         3866   168       4      
                                                              
       Stack:                         0      0         512    
       Linker Generated:              0      80        0      
    +--+------------------------------+------+---------+---------+
       Grand Total:                   9494   1192      889    


LINKER GENERATED COPY TABLES

__TI_cinit_table @ 000029c8 records: 2, size/record: 8, table size: 16
	.data: load addr=00002988, load size=0000002c bytes, run addr=20000334, run size=00000048 bytes, compression=lzss
	.bss: load addr=000029c0, load size=00000008 bytes, run addr=20000200, run size=00000131 bytes, compression=zero_init


LINKER GENERATED HANDLER TABLE

__TI_handler_table @ 000029b4 records: 3, size/record: 4, table size: 12
	index: 0, handler: __TI_decompress_lzss
	index: 1, handler: __TI_decompress_none
	index: 2, handler: __TI_zero_init


GLOBAL SYMBOLS: SORTED ALPHABETICALLY BY Name 

address   name                          
-------   ----                          
0000278f  C$$EXIT                       
000025b5  GPIODirModeSet                
000011c1  GPIOPadConfigSet              
00002261  GPIOPinConfigure              
000026a1  GPIOPinTypeI2C                
000026b7  GPIOPinTypeI2CSCL             
000026cd  GPIOPinTypePWM                
00001bdf  I2CMCommand                   
00002519  I2CMInit                      
000018c5  I2CMIntHandler                
00001ced  I2CMReadModifyWrite8          
000002f7  I2CMSimpleIntHandler          
0000277f  I2CMasterControl              
00002783  I2CMasterDataGet              
00002787  I2CMasterDataPut              
0000274d  I2CMasterEnable               
000022ad  I2CMasterInitExpClk           
00002757  I2CMasterIntClear             
0000275f  I2CMasterIntEnableEx          
00002767  I2CMasterSlaveAddrSet         
0000026d  InitI2C0                      
00001eb5  IntDisable                    
00001f1d  IntEnable                     
00001fed  IntIsEnabled                  
00002729  IntTrigger                    
000002e5  MPU6050Callback               
00001d65  MPU6050DataAccelGetFloat      
00001dd5  MPU6050DataGyroGetFloat       
0000216d  MPU6050DataRead               
00000321  MPU6050Example                
00002111  MPU6050Init                   
000022f9  MPU6050ReadModifyWrite        
00001021  PIDController_Init            
00001049  PIDController_Update          
0000260b  PWMGenConfigure               
00002735  PWMGenEnable                  
0000270b  PWMGenPeriodSet               
000026f9  PWMOutputState                
0000264d  PWMPulseWidthSet              
00002741  ResetISR                      
000015bd  SysCtlClockGet                
000017d1  SysCtlClockSet                
00002779  SysCtlDelay                   
000026e5  SysCtlPWMClockSet             
0000254d  SysCtlPeripheralEnable        
00002211  SysCtlPeripheralReset         
20000200  __STACK_END                   
00000200  __STACK_SIZE                  
20000200  __STACK_TOP                   
000029c8  __TI_CINIT_Base               
000029d8  __TI_CINIT_Limit              
000029b4  __TI_Handler_Table_Base       
000029c0  __TI_Handler_Table_Limit      
0000241d  __TI_auto_init_nobinit_nopinit
00001f85  __TI_decompress_lzss          
0000271b  __TI_decompress_none          
ffffffff  __TI_pprof_out_hndl           
ffffffff  __TI_prof_data_size           
ffffffff  __TI_prof_data_start          
00000000  __TI_static_base__            
0000266b  __TI_zero_init_nomemset       
00001c67  __aeabi_cdrcmple              
00001e45  __aeabi_d2f                   
00000e73  __aeabi_dadd                  
00001485  __aeabi_ddiv                  
000016d5  __aeabi_dmul                  
00000e69  __aeabi_dsub                  
00002771  __aeabi_errno_addr            
000024e1  __aeabi_f2d                   
00001aa9  __aeabi_memcpy                
00001aa9  __aeabi_memcpy4               
00001aa9  __aeabi_memcpy8               
ffffffff  __binit__                     
ffffffff  __c_args__                    
UNDEFED   __mpu_init                    
20000000  __stack                       
20000000  __start___llvm_prf_cnts       
20000000  __stop___llvm_prf_cnts        
00002581  _c_int00_noargs               
UNDEFED   _system_post_cinit            
0000278b  _system_pre_init              
0000278f  abort                         
20000324  adjust                        
00000771  atan                          
00000c91  atan2                         
00000c91  atan2l                        
00000771  atanl                         
ffffffff  binit                         
000002c9  delayMS                       
20000378  errno                         
00000a5d  fmod                          
00000a5d  fmodl                         
20000330  g_bMPU6050Done                
00000000  g_pfnVectors                  
20000200  g_sI2CMSimpleInst             
00000635  main                          
00001aa9  memcpy                        
20000334  pid                           
0000132d  sqrt                          
0000132d  sqrtl                         
20000328  ui32Load                      
2000032c  ui32PWMClock                  
2000036c  x                             
20000370  y                             
20000374  z                             


GLOBAL SYMBOLS: SORTED BY Symbol Address 

address   name                          
-------   ----                          
00000000  __TI_static_base__            
00000000  g_pfnVectors                  
00000200  __STACK_SIZE                  
0000026d  InitI2C0                      
000002c9  delayMS                       
000002e5  MPU6050Callback               
000002f7  I2CMSimpleIntHandler          
00000321  MPU6050Example                
00000635  main                          
00000771  atan                          
00000771  atanl                         
00000a5d  fmod                          
00000a5d  fmodl                         
00000c91  atan2                         
00000c91  atan2l                        
00000e69  __aeabi_dsub                  
00000e73  __aeabi_dadd                  
00001021  PIDController_Init            
00001049  PIDController_Update          
000011c1  GPIOPadConfigSet              
0000132d  sqrt                          
0000132d  sqrtl                         
00001485  __aeabi_ddiv                  
000015bd  SysCtlClockGet                
000016d5  __aeabi_dmul                  
000017d1  SysCtlClockSet                
000018c5  I2CMIntHandler                
00001aa9  __aeabi_memcpy                
00001aa9  __aeabi_memcpy4               
00001aa9  __aeabi_memcpy8               
00001aa9  memcpy                        
00001bdf  I2CMCommand                   
00001c67  __aeabi_cdrcmple              
00001ced  I2CMReadModifyWrite8          
00001d65  MPU6050DataAccelGetFloat      
00001dd5  MPU6050DataGyroGetFloat       
00001e45  __aeabi_d2f                   
00001eb5  IntDisable                    
00001f1d  IntEnable                     
00001f85  __TI_decompress_lzss          
00001fed  IntIsEnabled                  
00002111  MPU6050Init                   
0000216d  MPU6050DataRead               
00002211  SysCtlPeripheralReset         
00002261  GPIOPinConfigure              
000022ad  I2CMasterInitExpClk           
000022f9  MPU6050ReadModifyWrite        
0000241d  __TI_auto_init_nobinit_nopinit
000024e1  __aeabi_f2d                   
00002519  I2CMInit                      
0000254d  SysCtlPeripheralEnable        
00002581  _c_int00_noargs               
000025b5  GPIODirModeSet                
0000260b  PWMGenConfigure               
0000264d  PWMPulseWidthSet              
0000266b  __TI_zero_init_nomemset       
000026a1  GPIOPinTypeI2C                
000026b7  GPIOPinTypeI2CSCL             
000026cd  GPIOPinTypePWM                
000026e5  SysCtlPWMClockSet             
000026f9  PWMOutputState                
0000270b  PWMGenPeriodSet               
0000271b  __TI_decompress_none          
00002729  IntTrigger                    
00002735  PWMGenEnable                  
00002741  ResetISR                      
0000274d  I2CMasterEnable               
00002757  I2CMasterIntClear             
0000275f  I2CMasterIntEnableEx          
00002767  I2CMasterSlaveAddrSet         
00002771  __aeabi_errno_addr            
00002779  SysCtlDelay                   
0000277f  I2CMasterControl              
00002783  I2CMasterDataGet              
00002787  I2CMasterDataPut              
0000278b  _system_pre_init              
0000278f  C$$EXIT                       
0000278f  abort                         
000029b4  __TI_Handler_Table_Base       
000029c0  __TI_Handler_Table_Limit      
000029c8  __TI_CINIT_Base               
000029d8  __TI_CINIT_Limit              
20000000  __stack                       
20000000  __start___llvm_prf_cnts       
20000000  __stop___llvm_prf_cnts        
20000200  __STACK_END                   
20000200  __STACK_TOP                   
20000200  g_sI2CMSimpleInst             
20000324  adjust                        
20000328  ui32Load                      
2000032c  ui32PWMClock                  
20000330  g_bMPU6050Done                
20000334  pid                           
2000036c  x                             
20000370  y                             
20000374  z                             
20000378  errno                         
ffffffff  __TI_pprof_out_hndl           
ffffffff  __TI_prof_data_size           
ffffffff  __TI_prof_data_start          
ffffffff  __binit__                     
ffffffff  __c_args__                    
ffffffff  binit                         
UNDEFED   __mpu_init                    
UNDEFED   _system_post_cinit            

[105 symbols]
